
> portfolio@0.1.0 build
> next build

   ▲ Next.js 14.1.0
   - Environments: .env.local

   Creating an optimized production build ...
Browserslist: caniuse-lite is outdated. Please run:
  npx update-browserslist-db@latest
  Why you should do it regularly: https://github.com/browserslist/update-db#readme
<w> [webpack.cache.PackFileCacheStrategy] Skipped not serializable cache item 'Compilation/modules|/Users/abhinavgupta/Desktop/apps/Portfolio/node_modules/next/dist/build/webpack/loaders/css-loader/src/index.js??ruleSet[1].rules[11].oneOf[12].use[2]!/Users/abhinavgupta/Desktop/apps/Portfolio/node_modules/next/dist/build/webpack/loaders/postcss-loader/src/index.js??ruleSet[1].rules[11].oneOf[12].use[3]!/Users/abhinavgupta/Desktop/apps/Portfolio/src/app/globals.css': No serializer registered for PostCSSSyntaxError
<w> while serializing webpack/lib/cache/PackFileCacheStrategy.PackContentItems -> webpack/lib/NormalModule -> webpack/lib/ModuleBuildError -> PostCSSSyntaxError
Failed to compile.

./src/app/globals.css:80:1
Syntax error: /Users/abhinavgupta/Desktop/apps/Portfolio/src/app/globals.css Unclosed block

  78 | 
  79 | /* Smooth transitions */
> 80 | html {
     | ^
  81 |   transition: background-color 0.3s ease;
  82 |

./src/app/globals.css
Syntax error: /Users/abhinavgupta/Desktop/apps/Portfolio/src/app/globals.css Unclosed block (80:1)

  78 | 
  79 | /* Smooth transitions */
> 80 | html {
     | ^
  81 |   transition: background-color 0.3s ease;
  82 | 

    at tryRunOrWebpackError (/Users/abhinavgupta/Desktop/apps/Portfolio/node_modules/next/dist/compiled/webpack/bundle5.js:28:311563)
    at __webpack_require_module__ (/Users/abhinavgupta/Desktop/apps/Portfolio/node_modules/next/dist/compiled/webpack/bundle5.js:28:131195)
    at __nested_webpack_require_153754__ (/Users/abhinavgupta/Desktop/apps/Portfolio/node_modules/next/dist/compiled/webpack/bundle5.js:28:130634)
    at /Users/abhinavgupta/Desktop/apps/Portfolio/node_modules/next/dist/compiled/webpack/bundle5.js:28:131487
    at symbolIterator (/Users/abhinavgupta/Desktop/apps/Portfolio/node_modules/next/dist/compiled/neo-async/async.js:1:14444)
    at done (/Users/abhinavgupta/Desktop/apps/Portfolio/node_modules/next/dist/compiled/neo-async/async.js:1:14824)
    at Hook.eval [as callAsync] (eval at create (/Users/abhinavgupta/Desktop/apps/Portfolio/node_modules/next/dist/compiled/webpack/bundle5.js:13:28867), <anonymous>:15:1)
    at Hook.CALL_ASYNC_DELEGATE [as _callAsync] (/Users/abhinavgupta/Desktop/apps/Portfolio/node_modules/next/dist/compiled/webpack/bundle5.js:13:26021)
    at /Users/abhinavgupta/Desktop/apps/Portfolio/node_modules/next/dist/compiled/webpack/bundle5.js:28:130354
    at symbolIterator (/Users/abhinavgupta/Desktop/apps/Portfolio/node_modules/next/dist/compiled/neo-async/async.js:1:14402)
-- inner error --
Syntax error: /Users/abhinavgupta/Desktop/apps/Portfolio/src/app/globals.css Unclosed block (80:1)

  78 | 
  79 | /* Smooth transitions */
> 80 | html {
     | ^
  81 |   transition: background-color 0.3s ease;
  82 | 

    at Object.<anonymous> (/Users/abhinavgupta/Desktop/apps/Portfolio/node_modules/next/dist/build/webpack/loaders/css-loader/src/index.js??ruleSet[1].rules[11].oneOf[12].use[2]!/Users/abhinavgupta/Desktop/apps/Portfolio/node_modules/next/dist/build/webpack/loaders/postcss-loader/src/index.js??ruleSet[1].rules[11].oneOf[12].use[3]!/Users/abhinavgupta/Desktop/apps/Portfolio/src/app/globals.css:1:7)
    at /Users/abhinavgupta/Desktop/apps/Portfolio/node_modules/next/dist/compiled/webpack/bundle5.js:28:915116
    at Hook.eval [as call] (eval at create (/Users/abhinavgupta/Desktop/apps/Portfolio/node_modules/next/dist/compiled/webpack/bundle5.js:13:28645), <anonymous>:7:1)
    at Hook.CALL_DELEGATE [as _call] (/Users/abhinavgupta/Desktop/apps/Portfolio/node_modules/next/dist/compiled/webpack/bundle5.js:13:25915)
    at /Users/abhinavgupta/Desktop/apps/Portfolio/node_modules/next/dist/compiled/webpack/bundle5.js:28:131228
    at tryRunOrWebpackError (/Users/abhinavgupta/Desktop/apps/Portfolio/node_modules/next/dist/compiled/webpack/bundle5.js:28:311517)
    at __webpack_require_module__ (/Users/abhinavgupta/Desktop/apps/Portfolio/node_modules/next/dist/compiled/webpack/bundle5.js:28:131195)
    at __nested_webpack_require_153754__ (/Users/abhinavgupta/Desktop/apps/Portfolio/node_modules/next/dist/compiled/webpack/bundle5.js:28:130634)
    at /Users/abhinavgupta/Desktop/apps/Portfolio/node_modules/next/dist/compiled/webpack/bundle5.js:28:131487
    at symbolIterator (/Users/abhinavgupta/Desktop/apps/Portfolio/node_modules/next/dist/compiled/neo-async/async.js:1:14444)

Generated code for /Users/abhinavgupta/Desktop/apps/Portfolio/node_modules/next/dist/build/webpack/loaders/css-loader/src/index.js??ruleSet[1].rules[11].oneOf[12].use[2]!/Users/abhinavgupta/Desktop/apps/Portfolio/node_modules/next/dist/build/webpack/loaders/postcss-loader/src/index.js??ruleSet[1].rules[11].oneOf[12].use[3]!/Users/abhinavgupta/Desktop/apps/Portfolio/src/app/globals.css

Import trace for requested module:
./src/app/globals.css


> Build failed because of webpack errors
